Java HotSpot(TM) 64-Bit Server VM (25.45-b02) for linux-amd64 JRE (1.8.0_45-b14), built on Apr 10 2015 10:07:45 by "java_re" with gcc 4.3.0 20080428 (Red Hat 4.3.0-8)
Memory: 4k page, physical 7868692k(2135028k free), swap 8077308k(8072144k free)
CommandLine flags: -XX:InitialHeapSize=125899072 -XX:MaxHeapSize=2014385152 -XX:+PrintGC -XX:+PrintGCDateStamps -XX:+PrintGCDetails -XX:+PrintGCTimeStamps -XX:+UseCompressedClassPointers -XX:+UseCompressedOops -XX:+UseParallelGC 
2016-09-05T17:24:15.394+0530: 11.138: [GC (Allocation Failure) [PSYoungGen: 27655K->480K(36352K)] 27655K->480K(119808K), 0.0027859 secs] [Times: user=0.00 sys=0.00, real=0.00 secs] 
2016-09-05T17:24:17.904+0530: 13.648: [GC (Allocation Failure) [PSYoungGen: 28427K->496K(36352K)] 28427K->504K(119808K), 0.0024956 secs] [Times: user=0.00 sys=0.00, real=0.01 secs] 
2016-09-05T17:24:19.913+0530: 15.657: [GC (Allocation Failure) [PSYoungGen: 30013K->448K(36352K)] 30021K->456K(119808K), 0.0021507 secs] [Times: user=0.00 sys=0.00, real=0.00 secs] 
2016-09-05T17:24:21.420+0530: 17.164: [GC (Allocation Failure) [PSYoungGen: 26840K->480K(36352K)] 26848K->496K(119808K), 0.0017716 secs] [Times: user=0.00 sys=0.00, real=0.00 secs] 
2016-09-05T17:24:22.929+0530: 18.673: [GC (Allocation Failure) [PSYoungGen: 30387K->496K(31232K)] 30403K->520K(114688K), 0.0013138 secs] [Times: user=0.00 sys=0.00, real=0.00 secs] 
2016-09-05T17:24:23.935+0530: 19.679: [GC (Allocation Failure) [PSYoungGen: 22581K->480K(30720K)] 22605K->504K(114176K), 0.0019280 secs] [Times: user=0.00 sys=0.00, real=0.01 secs] 
2016-09-05T17:24:24.942+0530: 20.686: [GC (Allocation Failure) [PSYoungGen: 24117K->0K(30208K)] 24141K->456K(113664K), 0.0008209 secs] [Times: user=0.01 sys=0.00, real=0.00 secs] 
2016-09-05T17:24:25.948+0530: 21.691: [GC (Allocation Failure) [PSYoungGen: 25189K->0K(29696K)] 25645K->456K(113152K), 0.0009656 secs] [Times: user=0.00 sys=0.00, real=0.00 secs] 
2016-09-05T17:24:26.953+0530: 22.697: [GC (Allocation Failure) [PSYoungGen: 26741K->0K(29696K)] 27198K->456K(113152K), 0.0004066 secs] [Times: user=0.00 sys=0.00, real=0.00 secs] 
2016-09-05T17:24:55.112+0530: 50.856: [GC (Allocation Failure) [PSYoungGen: 28581K->32K(28672K)] 1333337K->1304795K(1340928K), 0.0152368 secs] [Times: user=0.06 sys=0.00, real=0.02 secs] 
2016-09-05T17:24:55.127+0530: 50.871: [GC (Allocation Failure) [PSYoungGen: 32K->0K(34816K)] 1304795K->1304779K(1347072K), 0.0112366 secs] [Times: user=0.04 sys=0.00, real=0.01 secs] 
2016-09-05T17:24:55.138+0530: 50.882: [Full GC (Allocation Failure) [PSYoungGen: 0K->0K(34816K)] [ParOldGen: 1304779K->512K(36352K)] 1304779K->512K(71168K), [Metaspace: 2788K->2788K(1056768K)], 0.0619446 secs] [Times: user=0.02 sys=0.05, real=0.06 secs] 
2016-09-05T17:25:11.281+0530: 67.025: [GC (Allocation Failure) [PSYoungGen: 665K->0K(46080K)] 1272664K->1271998K(1358336K), 0.0138983 secs] [Times: user=0.04 sys=0.00, real=0.01 secs] 
2016-09-05T17:25:11.295+0530: 67.039: [GC (Allocation Failure) [PSYoungGen: 0K->0K(46080K)] 1271998K->1271998K(1358336K), 0.0104798 secs] [Times: user=0.02 sys=0.01, real=0.02 secs] 
2016-09-05T17:25:11.306+0530: 67.049: [Full GC (Allocation Failure) [PSYoungGen: 0K->0K(46080K)] [ParOldGen: 1271998K->512K(39936K)] 1271998K->512K(86016K), [Metaspace: 2798K->2798K(1056768K)], 0.0353944 secs] [Times: user=0.01 sys=0.02, real=0.03 secs] 
2016-09-05T17:25:24.407+0530: 80.151: [GC (Allocation Failure) [PSYoungGen: 887K->0K(73216K)] 1300229K->1299341K(1385472K), 0.0171787 secs] [Times: user=0.06 sys=0.00, real=0.01 secs] 
2016-09-05T17:25:24.952+0530: 80.696: [GC (Allocation Failure) [PSYoungGen: 58453K->0K(73216K)] 1357795K->1299341K(1385472K), 0.0049731 secs] [Times: user=0.01 sys=0.00, real=0.01 secs] 
2016-09-05T17:25:25.464+0530: 81.208: [GC (Allocation Failure) [PSYoungGen: 58839K->0K(116736K)] 1358181K->1299341K(1428992K), 0.0175533 secs] [Times: user=0.05 sys=0.00, real=0.02 secs] 
2016-09-05T17:25:25.993+0530: 81.737: [GC (Allocation Failure) [PSYoungGen: 60080K->0K(116736K)] 1359421K->1299341K(1428992K), 0.0130702 secs] [Times: user=0.05 sys=0.00, real=0.02 secs] 
2016-09-05T17:25:26.519+0530: 82.263: [GC (Allocation Failure) [PSYoungGen: 60456K->0K(163328K)] 1359798K->1299341K(1475584K), 0.0166908 secs] [Times: user=0.04 sys=0.00, real=0.01 secs] 
2016-09-05T17:25:27.577+0530: 83.321: [GC (Allocation Failure) [PSYoungGen: 120726K->0K(163328K)] 1420068K->1299341K(1475584K), 0.0174550 secs] [Times: user=0.06 sys=0.00, real=0.02 secs] 
2016-09-05T17:25:27.594+0530: 83.338: [Full GC (Ergonomics) [PSYoungGen: 0K->0K(163328K)] [ParOldGen: 1299341K->424K(46592K)] 1299341K->424K(209920K), [Metaspace: 2811K->2811K(1056768K)], 0.0471285 secs] [Times: user=0.03 sys=0.03, real=0.05 secs] 
2016-09-05T17:25:28.665+0530: 84.409: [GC (Allocation Failure) [PSYoungGen: 122293K->0K(227328K)] 122717K->424K(273920K), 0.0010531 secs] [Times: user=0.00 sys=0.00, real=0.00 secs] 
2016-09-05T17:25:30.205+0530: 85.949: [GC (Allocation Failure) [PSYoungGen: 186051K->0K(227840K)] 186475K->424K(274432K), 0.0012355 secs] [Times: user=0.00 sys=0.00, real=0.00 secs] 
2016-09-05T17:25:31.743+0530: 87.487: [GC (Allocation Failure) [PSYoungGen: 189573K->0K(316928K)] 189997K->424K(363520K), 0.0020675 secs] [Times: user=0.01 sys=0.00, real=0.01 secs] 
2016-09-05T17:25:33.798+0530: 89.542: [GC (Allocation Failure) [PSYoungGen: 258512K->0K(317952K)] 258936K->424K(364544K), 0.0014559 secs] [Times: user=0.00 sys=0.01, real=0.00 secs] 
2016-09-05T17:25:35.850+0530: 91.594: [GC (Allocation Failure) [PSYoungGen: 264785K->0K(440320K)] 265209K->424K(486912K), 0.0008566 secs] [Times: user=0.00 sys=0.00, real=0.00 secs] 
2016-09-05T17:25:38.938+0530: 94.682: [GC (Allocation Failure) [PSYoungGen: 408192K->0K(440832K)] 408616K->424K(487424K), 0.0012763 secs] [Times: user=0.00 sys=0.00, real=0.00 secs] 
2016-09-05T17:25:42.015+0530: 97.759: [GC (Allocation Failure) [PSYoungGen: 422274K->0K(564736K)] 422699K->424K(611328K), 0.0005320 secs] [Times: user=0.00 sys=0.00, real=0.00 secs] 
2016-09-05T17:25:45.604+0530: 101.348: [GC (Allocation Failure) [PSYoungGen: 511425K->0K(538112K)] 511849K->424K(584704K), 0.0011979 secs] [Times: user=0.00 sys=0.00, real=0.01 secs] 
2016-09-05T17:25:49.207+0530: 104.951: [GC (Allocation Failure) [PSYoungGen: 530047K->0K(513024K)] 530471K->424K(559616K), 0.0009346 secs] [Times: user=0.00 sys=0.00, real=0.00 secs] 
2016-09-05T17:26:09.807+0530: 125.551: [GC (Allocation Failure) [PSYoungGen: 511596K->32K(488960K)] 512020K->456K(535552K), 0.0009249 secs] [Times: user=0.00 sys=0.00, real=0.00 secs] 
2016-09-05T17:26:24.905+0530: 140.649: [GC (Allocation Failure) [PSYoungGen: 484210K->0K(466432K)] 484634K->432K(513024K), 0.0009823 secs] [Times: user=0.00 sys=0.00, real=0.00 secs] 
2016-09-05T17:26:33.986+0530: 149.729: [GC (Allocation Failure) [PSYoungGen: 465729K->32K(444928K)] 466161K->472K(491520K), 0.0004102 secs] [Times: user=0.00 sys=0.00, real=0.00 secs] 
2016-09-05T17:26:40.559+0530: 156.303: [GC (Allocation Failure) [PSYoungGen: 415006K->0K(424448K)] 415446K->448K(471040K), 0.0012208 secs] [Times: user=0.00 sys=0.00, real=0.00 secs] 
2016-09-05T17:26:46.132+0530: 161.876: [GC (Allocation Failure) [PSYoungGen: 403627K->0K(404992K)] 404075K->448K(451584K), 0.0010321 secs] [Times: user=0.00 sys=0.00, real=0.00 secs] 
2016-09-05T17:26:50.700+0530: 166.444: [GC (Allocation Failure) [PSYoungGen: 366523K->0K(386560K)] 366971K->448K(433152K), 0.0009477 secs] [Times: user=0.00 sys=0.00, real=0.00 secs] 
2016-09-05T17:26:54.764+0530: 170.508: [GC (Allocation Failure) [PSYoungGen: 352876K->0K(369152K)] 353324K->448K(415744K), 0.0010572 secs] [Times: user=0.00 sys=0.00, real=0.01 secs] 
2016-09-05T17:26:58.328+0530: 174.072: [GC (Allocation Failure) [PSYoungGen: 329876K->0K(352256K)] 330324K->448K(398848K), 0.0013793 secs] [Times: user=0.00 sys=0.01, real=0.00 secs] 
2016-09-05T17:27:01.894+0530: 177.638: [GC (Allocation Failure) [PSYoungGen: 348683K->0K(336384K)] 349131K->448K(382976K), 0.0009647 secs] [Times: user=0.00 sys=0.00, real=0.00 secs] 
2016-09-05T17:27:04.953+0530: 180.697: [GC (Allocation Failure) [PSYoungGen: 314782K->0K(321536K)] 315230K->448K(368128K), 0.0010969 secs] [Times: user=0.00 sys=0.00, real=0.00 secs] 
2016-09-05T17:27:07.503+0530: 183.247: [GC (Allocation Failure) [PSYoungGen: 273865K->0K(307200K)] 274313K->448K(353792K), 0.0008558 secs] [Times: user=0.00 sys=0.00, real=0.00 secs] 
2016-09-05T17:27:10.049+0530: 185.793: [GC (Allocation Failure) [PSYoungGen: 283345K->0K(293376K)] 283794K->448K(339968K), 0.0009030 secs] [Times: user=0.00 sys=0.00, real=0.00 secs] 
2016-09-05T17:27:12.604+0530: 188.348: [GC (Allocation Failure) [PSYoungGen: 292841K->0K(280576K)] 293289K->448K(327168K), 0.0009513 secs] [Times: user=0.00 sys=0.00, real=0.01 secs] 
2016-09-05T17:27:14.649+0530: 190.393: [GC (Allocation Failure) [PSYoungGen: 242204K->0K(268288K)] 242652K->448K(314880K), 0.0008030 secs] [Times: user=0.01 sys=0.00, real=0.00 secs] 
2016-09-05T17:27:16.695+0530: 192.439: [GC (Allocation Failure) [PSYoungGen: 248209K->0K(256512K)] 248658K->448K(303104K), 0.0011591 secs] [Times: user=0.01 sys=0.00, real=0.00 secs] 
2016-09-05T17:27:18.738+0530: 194.482: [GC (Allocation Failure) [PSYoungGen: 254229K->0K(245248K)] 254678K->448K(291840K), 0.0009931 secs] [Times: user=0.00 sys=0.00, real=0.00 secs] 
2016-09-05T17:27:20.274+0530: 196.018: [GC (Allocation Failure) [PSYoungGen: 195809K->0K(234496K)] 196257K->448K(281088K), 0.0009608 secs] [Times: user=0.00 sys=0.00, real=0.00 secs] 
2016-09-05T17:27:21.813+0530: 197.557: [GC (Allocation Failure) [PSYoungGen: 199107K->0K(224256K)] 199556K->448K(270848K), 0.0010348 secs] [Times: user=0.00 sys=0.00, real=0.00 secs] 
2016-09-05T17:27:23.350+0530: 199.094: [GC (Allocation Failure) [PSYoungGen: 202421K->0K(214528K)] 202870K->448K(261120K), 0.0010966 secs] [Times: user=0.00 sys=0.00, real=0.00 secs] 
2016-09-05T17:27:24.890+0530: 200.634: [GC (Allocation Failure) [PSYoungGen: 205748K->0K(205312K)] 206196K->448K(251904K), 0.0011278 secs] [Times: user=0.00 sys=0.00, real=0.00 secs] 
2016-09-05T17:27:25.918+0530: 201.661: [GC (Allocation Failure) [PSYoungGen: 140336K->0K(196608K)] 140784K->448K(243200K), 0.0015137 secs] [Times: user=0.00 sys=0.00, real=0.00 secs] 
2016-09-05T17:27:26.943+0530: 202.687: [GC (Allocation Failure) [PSYoungGen: 141718K->0K(188416K)] 142166K->448K(235008K), 0.0005580 secs] [Times: user=0.00 sys=0.00, real=0.00 secs] 
2016-09-05T17:27:27.965+0530: 203.708: [GC (Allocation Failure) [PSYoungGen: 143117K->0K(180736K)] 143565K->448K(227328K), 0.0013917 secs] [Times: user=0.00 sys=0.00, real=0.01 secs] 
2016-09-05T17:27:28.992+0530: 204.736: [GC (Allocation Failure) [PSYoungGen: 144529K->0K(173568K)] 144977K->448K(220160K), 0.0004607 secs] [Times: user=0.00 sys=0.00, real=0.00 secs] 
2016-09-05T17:27:30.014+0530: 205.758: [GC (Allocation Failure) [PSYoungGen: 145953K->0K(166400K)] 146401K->448K(212992K), 0.0009207 secs] [Times: user=0.00 sys=0.00, real=0.00 secs] 
2016-09-05T17:27:31.044+0530: 206.788: [GC (Allocation Failure) [PSYoungGen: 147377K->0K(159744K)] 147826K->448K(206336K), 0.0008965 secs] [Times: user=0.00 sys=0.00, real=0.01 secs] 
2016-09-05T17:27:32.072+0530: 207.816: [GC (Allocation Failure) [PSYoungGen: 148813K->0K(153600K)] 149261K->448K(200192K), 0.0008463 secs] [Times: user=0.00 sys=0.00, real=0.00 secs] 
2016-09-05T17:27:33.102+0530: 208.846: [GC (Allocation Failure) [PSYoungGen: 150258K->0K(147456K)] 150706K->448K(194048K), 0.0009436 secs] [Times: user=0.00 sys=0.00, real=0.00 secs] 
2016-09-05T17:27:50.393+0530: 226.137: [GC (Allocation Failure) [PSYoungGen: 140108K->32K(141824K)] 748369K->608293K(798720K), 0.0078751 secs] [Times: user=0.02 sys=0.01, real=0.01 secs] 
2016-09-05T17:27:53.926+0530: 229.670: [GC (Allocation Failure) [PSYoungGen: 130281K->32K(136192K)] 738542K->608293K(793088K), 0.0071511 secs] [Times: user=0.02 sys=0.00, real=0.00 secs] 
2016-09-05T17:27:55.957+0530: 231.701: [GC (Allocation Failure) [PSYoungGen: 134669K->32K(131072K)] 742930K->608293K(787968K), 0.0054895 secs] [Times: user=0.01 sys=0.00, real=0.00 secs] 
2016-09-05T17:27:56.978+0530: 232.722: [GC (Allocation Failure) [PSYoungGen: 92562K->32K(125952K)] 700823K->608293K(782848K), 0.0057501 secs] [Times: user=0.02 sys=0.00, real=0.00 secs] 
2016-09-05T17:28:02.130+0530: 237.874: [GC (Allocation Failure) [PSYoungGen: 112980K->32K(121344K)] 1340563K->1227615K(1433600K), 0.0144173 secs] [Times: user=0.04 sys=0.00, real=0.01 secs] 
2016-09-05T17:28:02.144+0530: 237.888: [GC (Allocation Failure) [PSYoungGen: 32K->32K(145920K)] 1227615K->1227615K(1458176K), 0.0136346 secs] [Times: user=0.04 sys=0.00, real=0.02 secs] 
2016-09-05T17:28:02.158+0530: 237.902: [Full GC (Allocation Failure) [PSYoungGen: 32K->0K(145920K)] [ParOldGen: 1227583K->512K(50688K)] 1227615K->512K(196608K), [Metaspace: 2813K->2813K(1056768K)], 0.0664887 secs] [Times: user=0.03 sys=0.05, real=0.06 secs] 
2016-09-05T17:28:06.325+0530: 242.069: [GC (Allocation Failure) [PSYoungGen: 131795K->0K(175104K)] 1236210K->1104415K(1487360K), 0.0115526 secs] [Times: user=0.03 sys=0.00, real=0.01 secs] 
2016-09-05T17:28:06.337+0530: 242.080: [GC (Allocation Failure) [PSYoungGen: 0K->0K(210432K)] 1104415K->1104415K(1522688K), 0.0099468 secs] [Times: user=0.03 sys=0.00, real=0.02 secs] 
2016-09-05T17:28:06.347+0530: 242.091: [Full GC (Allocation Failure) [PSYoungGen: 0K->0K(210432K)] [ParOldGen: 1104415K->512K(65536K)] 1104415K->512K(275968K), [Metaspace: 2813K->2813K(1056768K)], 0.0483711 secs] [Times: user=0.03 sys=0.04, real=0.04 secs] 
2016-09-05T17:28:08.962+0530: 244.706: [GC (Allocation Failure) [PSYoungGen: 4165K->0K(252416K)] 1190355K->1186189K(1564672K), 0.0168181 secs] [Times: user=0.05 sys=0.00, real=0.02 secs] 
2016-09-05T17:28:08.979+0530: 244.723: [GC (Allocation Failure) [PSYoungGen: 0K->0K(303104K)] 1186189K->1186189K(1615360K), 0.0105408 secs] [Times: user=0.03 sys=0.01, real=0.01 secs] 
2016-09-05T17:28:08.989+0530: 244.733: [Full GC (Allocation Failure) [PSYoungGen: 0K->0K(303104K)] [ParOldGen: 1186189K->512K(88064K)] 1186189K->512K(391168K), [Metaspace: 2813K->2813K(1056768K)], 0.0515500 secs] [Times: user=0.02 sys=0.04, real=0.05 secs] 
2016-09-05T17:28:11.113+0530: 246.857: [GC (Allocation Failure) [PSYoungGen: 6004K->0K(364032K)] 1249208K->1243203K(1676288K), 0.0147752 secs] [Times: user=0.04 sys=0.01, real=0.02 secs] 
2016-09-05T17:28:11.128+0530: 246.872: [GC (Allocation Failure) [PSYoungGen: 0K->0K(436736K)] 1243203K->1243203K(1748992K), 0.0126490 secs] [Times: user=0.05 sys=0.00, real=0.01 secs] 
2016-09-05T17:28:11.140+0530: 246.884: [Full GC (Allocation Failure) [PSYoungGen: 0K->0K(436736K)] [ParOldGen: 1243203K->512K(115712K)] 1243203K->512K(552448K), [Metaspace: 2813K->2813K(1056768K)], 0.0559524 secs] [Times: user=0.02 sys=0.04, real=0.05 secs] 
2016-09-05T17:28:12.620+0530: 248.364: [GC (Allocation Failure) [PSYoungGen: 8656K->0K(523776K)] 1060631K->1051975K(1836032K), 0.0173301 secs] [Times: user=0.06 sys=0.00, real=0.02 secs] 
2016-09-05T17:28:12.637+0530: 248.381: [GC (Allocation Failure) [PSYoungGen: 0K->0K(566272K)] 1051975K->1051975K(1878528K), 0.0144451 secs] [Times: user=0.04 sys=0.00, real=0.01 secs] 
2016-09-05T17:28:12.652+0530: 248.396: [Full GC (Allocation Failure) [PSYoungGen: 0K->0K(566272K)] [ParOldGen: 1051975K->512K(144384K)] 1051975K->512K(710656K), [Metaspace: 2813K->2813K(1056768K)], 0.0469893 secs] [Times: user=0.01 sys=0.03, real=0.05 secs] 
2016-09-05T17:28:14.206+0530: 249.949: [GC (Allocation Failure) [PSYoungGen: 11227K->0K(566272K)] 1285650K->1274423K(1878528K), 0.0145751 secs] [Times: user=0.04 sys=0.00, real=0.01 secs] 
2016-09-05T17:28:14.220+0530: 249.964: [Full GC (Ergonomics) [PSYoungGen: 0K->0K(566272K)] [ParOldGen: 1274423K->512K(162304K)] 1274423K->512K(728576K), [Metaspace: 2813K->2813K(1056768K)], 0.0488353 secs] [Times: user=0.01 sys=0.04, real=0.05 secs] 
2016-09-05T17:28:14.950+0530: 250.694: [GC (Allocation Failure) [PSYoungGen: 11227K->0K(655360K)] 746349K->735122K(1967616K), 0.0082095 secs] [Times: user=0.02 sys=0.00, real=0.01 secs] 
2016-09-05T17:28:14.958+0530: 250.702: [GC (Allocation Failure) [PSYoungGen: 0K->0K(655360K)] 735122K->735122K(1967616K), 0.0077407 secs] [Times: user=0.02 sys=0.00, real=0.01 secs] 
2016-09-05T17:28:14.966+0530: 250.710: [Full GC (Allocation Failure) [PSYoungGen: 0K->0K(655360K)] [ParOldGen: 735122K->512K(194560K)] 735122K->512K(849920K), [Metaspace: 2813K->2813K(1056768K)], 0.0269137 secs] [Times: user=0.01 sys=0.02, real=0.02 secs] 
2016-09-05T17:28:15.731+0530: 251.475: [GC (Allocation Failure) [PSYoungGen: 12995K->0K(655360K)] 821969K->808974K(1967616K), 0.0105252 secs] [Times: user=0.03 sys=0.01, real=0.01 secs] 
2016-09-05T17:28:15.742+0530: 251.486: [GC (Allocation Failure) [PSYoungGen: 0K->0K(655360K)] 808974K->808974K(1967616K), 0.0083035 secs] [Times: user=0.02 sys=0.00, real=0.01 secs] 
2016-09-05T17:28:15.750+0530: 251.494: [Full GC (Allocation Failure) [PSYoungGen: 0K->0K(655360K)] [ParOldGen: 808974K->512K(222720K)] 808974K->512K(878080K), [Metaspace: 2813K->2813K(1056768K)], 0.0346262 secs] [Times: user=0.01 sys=0.03, real=0.04 secs] 
2016-09-05T17:28:16.581+0530: 252.325: [GC (Allocation Failure) [PSYoungGen: 12995K->0K(655360K)] 903206K->890211K(1967616K), 0.0100035 secs] [Times: user=0.02 sys=0.01, real=0.01 secs] 
2016-09-05T17:28:16.592+0530: 252.335: [GC (Allocation Failure) [PSYoungGen: 0K->0K(655360K)] 890211K->890211K(1967616K), 0.0089322 secs] [Times: user=0.03 sys=0.00, real=0.01 secs] 
2016-09-05T17:28:16.601+0530: 252.345: [Full GC (Allocation Failure) [PSYoungGen: 0K->0K(655360K)] [ParOldGen: 890211K->512K(248320K)] 890211K->512K(903680K), [Metaspace: 2813K->2813K(1056768K)], 0.0392231 secs] [Times: user=0.02 sys=0.02, real=0.04 secs] 
2016-09-05T17:28:17.444+0530: 253.188: [GC (Allocation Failure) [PSYoungGen: 12995K->0K(655360K)] 992566K->979571K(1967616K), 0.0145157 secs] [Times: user=0.05 sys=0.00, real=0.02 secs] 
2016-09-05T17:28:17.459+0530: 253.202: [GC (Allocation Failure) [PSYoungGen: 0K->0K(655360K)] 979571K->979571K(1967616K), 0.0102124 secs] [Times: user=0.03 sys=0.00, real=0.01 secs] 
2016-09-05T17:28:17.469+0530: 253.213: [Full GC (Allocation Failure) [PSYoungGen: 0K->0K(655360K)] [ParOldGen: 979571K->512K(272384K)] 979571K->512K(927744K), [Metaspace: 2813K->2813K(1056768K)], 0.0439972 secs] [Times: user=0.02 sys=0.04, real=0.04 secs] 
2016-09-05T17:28:18.393+0530: 254.137: [GC (Allocation Failure) [PSYoungGen: 12995K->0K(655360K)] 1090863K->1077868K(1967616K), 0.0099132 secs] [Times: user=0.03 sys=0.01, real=0.01 secs] 
2016-09-05T17:28:18.403+0530: 254.147: [Full GC (Ergonomics) [PSYoungGen: 0K->0K(655360K)] [ParOldGen: 1077868K->512K(286208K)] 1077868K->512K(941568K), [Metaspace: 2813K->2813K(1056768K)], 0.0449519 secs] [Times: user=0.01 sys=0.03, real=0.05 secs] 
2016-09-05T17:28:19.335+0530: 255.078: [GC (Allocation Failure) [PSYoungGen: 12995K->0K(655360K)] 1198989K->1185994K(1967616K), 0.0131982 secs] [Times: user=0.04 sys=0.00, real=0.02 secs] 
2016-09-05T17:28:19.348+0530: 255.092: [Full GC (Ergonomics) [PSYoungGen: 0K->0K(655360K)] [ParOldGen: 1185994K->512K(303616K)] 1185994K->512K(958976K), [Metaspace: 2813K->2813K(1056768K)], 0.0507540 secs] [Times: user=0.01 sys=0.05, real=0.05 secs] 
2016-09-05T17:28:20.391+0530: 256.135: [Full GC (Ergonomics) [PSYoungGen: 12995K->0K(655360K)] [ParOldGen: 1304933K->512K(304128K)] 1317928K->512K(959488K), [Metaspace: 2813K->2813K(1056768K)], 0.0605700 secs] [Times: user=0.02 sys=0.06, real=0.06 secs] 
2016-09-05T17:28:20.453+0530: 256.197: [GC (Allocation Failure) [PSYoungGen: 0K->0K(655360K)] 512K->512K(1967616K), 0.0004674 secs] [Times: user=0.00 sys=0.00, real=0.00 secs] 
2016-09-05T17:28:20.453+0530: 256.197: [Full GC (Allocation Failure) [PSYoungGen: 0K->0K(655360K)] [ParOldGen: 512K->413K(325632K)] 512K->413K(980992K), [Metaspace: 2813K->2813K(1056768K)], 0.0051285 secs] [Times: user=0.02 sys=0.00, real=0.01 secs] 
Heap
 PSYoungGen      total 655360K, used 26092K [0x00000000d7f80000, 0x0000000100000000, 0x0000000100000000)
  eden space 654848K, 3% used [0x00000000d7f80000,0x00000000d98fb1a0,0x00000000fff00000)
  from space 512K, 0% used [0x00000000fff80000,0x00000000fff80000,0x0000000100000000)
  to   space 512K, 0% used [0x00000000fff00000,0x00000000fff00000,0x00000000fff80000)
 ParOldGen       total 1312256K, used 413K [0x0000000087e00000, 0x00000000d7f80000, 0x00000000d7f80000)
  object space 1312256K, 0% used [0x0000000087e00000,0x0000000087e675e0,0x00000000d7f80000)
 Metaspace       used 2844K, capacity 4486K, committed 4864K, reserved 1056768K
  class space    used 303K, capacity 386K, committed 512K, reserved 1048576K
